WARNING: A terminally deprecated method in sun.misc.Unsafe has been called
WARNING: sun.misc.Unsafe::objectFieldOffset has been called by org.openjdk.jmh.util.Utils (file:<CAMPAIGN>/before/vev-benchmark-vev/lib/jmh-core-1.37.jar)
WARNING: Please consider reporting this to the maintainers of class org.openjdk.jmh.util.Utils
WARNING: sun.misc.Unsafe::objectFieldOffset will be removed in a future release
# JMH version: 1.37
# VM version: JDK 27, OpenJDK 64-Bit Server VM, 27+35-2325
# VM invoker: <JDK_HOME>/bin/java
# VM options: <none>
# Blackhole mode: compiler (auto-detected, use -Djmh.blackhole.autoDetect=false to disable)
# Warmup: 5 iterations, 1 s each
# Measurement: 8 iterations, 1 s each
# Timeout: 10 min per iteration
# Threads: 1 thread, will synchronize iterations
# Benchmark mode: Sampling time
# Benchmark: no.beint.vev.benchmark.VevBenchmark.findMultiple256

# Run progress: 0,00% complete, ETA 00:01:18
# Fork: 1 of 3
WARNING: A terminally deprecated method in sun.misc.Unsafe has been called
WARNING: sun.misc.Unsafe::objectFieldOffset has been called by org.openjdk.jmh.util.Utils (file:<CAMPAIGN>/before/vev-benchmark-vev/lib/jmh-core-1.37.jar)
WARNING: Please consider reporting this to the maintainers of class org.openjdk.jmh.util.Utils
WARNING: sun.misc.Unsafe::objectFieldOffset will be removed in a future release
# Warmup Iteration   1: 478,077 ±(99.9%) 12,323 us/op
# Warmup Iteration   2: 427,673 ±(99.9%) 3,953 us/op
# Warmup Iteration   3: 419,467 ±(99.9%) 2,014 us/op
# Warmup Iteration   4: 419,141 ±(99.9%) 1,346 us/op
# Warmup Iteration   5: 418,772 ±(99.9%) 1,101 us/op
Iteration   1: 418,816 ±(99.9%) 1,172 us/op
                 gc.alloc.rate:      344,618 MB/sec
                 gc.alloc.rate.norm: 151493,742 B/op
                 gc.count:           6,000 counts
                 gc.time:            1,000 ms
                 p0.00:              384,512 us/op
                 p0.50:              416,256 us/op
                 p0.90:              432,640 us/op
                 p0.95:              439,296 us/op
                 p0.99:              454,656 us/op
                 p0.999:             695,722 us/op
                 p0.9999:            706,560 us/op
                 p1.00:              706,560 us/op

Iteration   2: 418,863 ±(99.9%) 1,096 us/op
                 gc.alloc.rate:      344,575 MB/sec
                 gc.alloc.rate.norm: 151493,826 B/op
                 gc.count:           5,000 counts
                 gc.time:            1,000 ms
                 p0.00:              390,144 us/op
                 p0.50:              416,256 us/op
                 p0.90:              433,152 us/op
                 p0.95:              441,344 us/op
                 p0.99:              457,728 us/op
                 p0.999:             681,370 us/op
                 p0.9999:            693,248 us/op
                 p1.00:              693,248 us/op

Iteration   3: 418,778 ±(99.9%) 1,099 us/op
                 gc.alloc.rate:      344,646 MB/sec
                 gc.alloc.rate.norm: 151493,661 B/op
                 gc.count:           5,000 counts
                 gc.time:            1,000 ms
                 p0.00:              390,144 us/op
                 p0.50:              416,256 us/op
                 p0.90:              432,640 us/op
                 p0.95:              439,808 us/op
                 p0.99:              455,680 us/op
                 p0.999:             685,251 us/op
                 p0.9999:            702,464 us/op
                 p1.00:              702,464 us/op

Iteration   4: 420,391 ±(99.9%) 1,264 us/op
                 gc.alloc.rate:      343,326 MB/sec
                 gc.alloc.rate.norm: 151494,180 B/op
                 gc.count:           6,000 counts
                 gc.time:            2,000 ms
                 p0.00:              391,168 us/op
                 p0.50:              416,768 us/op
                 p0.90:              435,712 us/op
                 p0.95:              448,717 us/op
                 p0.99:              476,365 us/op
                 p0.999:             681,984 us/op
                 p0.9999:            703,488 us/op
                 p1.00:              703,488 us/op

Iteration   5: 418,347 ±(99.9%) 1,056 us/op
                 gc.alloc.rate:      345,009 MB/sec
                 gc.alloc.rate.norm: 151493,620 B/op
                 gc.count:           5,000 counts
                 gc.time:            1,000 ms
                 p0.00:              387,584 us/op
                 p0.50:              415,744 us/op
                 p0.90:              432,640 us/op
                 p0.95:              440,320 us/op
                 p0.99:              455,096 us/op
                 p0.999:             674,320 us/op
                 p0.9999:            677,888 us/op
                 p1.00:              677,888 us/op

Iteration   6: 418,776 ±(99.9%) 1,153 us/op
                 gc.alloc.rate:      344,646 MB/sec
                 gc.alloc.rate.norm: 151493,683 B/op
                 gc.count:           6,000 counts
                 gc.time:            1,000 ms
                 p0.00:              387,072 us/op
                 p0.50:              416,768 us/op
                 p0.90:              432,128 us/op
                 p0.95:              438,784 us/op
                 p0.99:              452,608 us/op
                 p0.999:             695,276 us/op
                 p0.9999:            702,464 us/op
                 p1.00:              702,464 us/op

Iteration   7: 418,878 ±(99.9%) 1,070 us/op
                 gc.alloc.rate:      344,567 MB/sec
                 gc.alloc.rate.norm: 151493,713 B/op
                 gc.count:           5,000 counts
                 gc.time:            1,000 ms
                 p0.00:              384,512 us/op
                 p0.50:              416,256 us/op
                 p0.90:              432,128 us/op
                 p0.95:              438,784 us/op
                 p0.99:              456,136 us/op
                 p0.999:             679,094 us/op
                 p0.9999:            687,104 us/op
                 p1.00:              687,104 us/op

Iteration   8: 417,642 ±(99.9%) 1,172 us/op
                 gc.alloc.rate:      345,235 MB/sec
                 gc.alloc.rate.norm: 151550,322 B/op
                 gc.count:           6,000 counts
                 gc.time:            2,000 ms
                 p0.00:              363,520 us/op
                 p0.50:              415,744 us/op
                 p0.90:              431,616 us/op
                 p0.95:              440,320 us/op
                 p0.99:              453,632 us/op
                 p0.999:             661,672 us/op
                 p0.9999:            684,032 us/op
                 p1.00:              684,032 us/op


# Run progress: 16,67% complete, ETA 00:01:07
# Fork: 2 of 3
WARNING: A terminally deprecated method in sun.misc.Unsafe has been called
WARNING: sun.misc.Unsafe::objectFieldOffset has been called by org.openjdk.jmh.util.Utils (file:<CAMPAIGN>/before/vev-benchmark-vev/lib/jmh-core-1.37.jar)
WARNING: Please consider reporting this to the maintainers of class org.openjdk.jmh.util.Utils
WARNING: sun.misc.Unsafe::objectFieldOffset will be removed in a future release
# Warmup Iteration   1: 473,600 ±(99.9%) 12,240 us/op
# Warmup Iteration   2: 427,219 ±(99.9%) 5,523 us/op
# Warmup Iteration   3: 418,435 ±(99.9%) 2,160 us/op
# Warmup Iteration   4: 417,129 ±(99.9%) 1,249 us/op
# Warmup Iteration   5: 417,017 ±(99.9%) 1,046 us/op
Iteration   1: 416,120 ±(99.9%) 1,038 us/op
                 gc.alloc.rate:      346,810 MB/sec
                 gc.alloc.rate.norm: 151477,530 B/op
                 gc.count:           6,000 counts
                 gc.time:            2,000 ms
                 p0.00:              387,584 us/op
                 p0.50:              413,696 us/op
                 p0.90:              429,568 us/op
                 p0.95:              436,736 us/op
                 p0.99:              452,096 us/op
                 p0.999:             639,907 us/op
                 p0.9999:            729,088 us/op
                 p1.00:              729,088 us/op

Iteration   2: 414,503 ±(99.9%) 1,135 us/op
                 gc.alloc.rate:      348,156 MB/sec
                 gc.alloc.rate.norm: 151477,777 B/op
                 gc.count:           5,000 counts
                 gc.time:            1,000 ms
                 p0.00:              379,904 us/op
                 p0.50:              413,184 us/op
                 p0.90:              430,080 us/op
                 p0.95:              436,659 us/op
                 p0.99:              451,466 us/op
                 p0.999:             664,931 us/op
                 p0.9999:            673,792 us/op
                 p1.00:              673,792 us/op

Iteration   3: 416,158 ±(99.9%) 1,026 us/op
                 gc.alloc.rate:      346,776 MB/sec
                 gc.alloc.rate.norm: 151477,841 B/op
                 gc.count:           5,000 counts
                 gc.time:            1,000 ms
                 p0.00:              359,424 us/op
                 p0.50:              414,208 us/op
                 p0.90:              429,056 us/op
                 p0.95:              437,504 us/op
                 p0.99:              454,554 us/op
                 p0.999:             662,292 us/op
                 p0.9999:            668,672 us/op
                 p1.00:              668,672 us/op

Iteration   4: 417,020 ±(99.9%) 1,186 us/op
                 gc.alloc.rate:      346,048 MB/sec
                 gc.alloc.rate.norm: 151477,681 B/op
                 gc.count:           6,000 counts
                 gc.time:            1,000 ms
                 p0.00:              379,904 us/op
                 p0.50:              414,720 us/op
                 p0.90:              430,080 us/op
                 p0.95:              437,248 us/op
                 p0.99:              453,120 us/op
                 p0.999:             700,932 us/op
                 p0.9999:            704,512 us/op
                 p1.00:              704,512 us/op

Iteration   5: 418,289 ±(99.9%) 1,119 us/op
                 gc.alloc.rate:      345,006 MB/sec
                 gc.alloc.rate.norm: 151477,620 B/op
                 gc.count:           5,000 counts
                 gc.time:            2,000 ms
                 p0.00:              392,192 us/op
                 p0.50:              415,744 us/op
                 p0.90:              432,128 us/op
                 p0.95:              438,784 us/op
                 p0.99:              455,025 us/op
                 p0.999:             693,600 us/op
                 p0.9999:            697,344 us/op
                 p1.00:              697,344 us/op

Iteration   6: 419,007 ±(99.9%) 1,181 us/op
                 gc.alloc.rate:      344,419 MB/sec
                 gc.alloc.rate.norm: 151477,695 B/op
                 gc.count:           6,000 counts
                 gc.time:            1,000 ms
                 p0.00:              382,976 us/op
                 p0.50:              416,768 us/op
                 p0.90:              433,664 us/op
                 p0.95:              439,808 us/op
                 p0.99:              458,189 us/op
                 p0.999:             691,466 us/op
                 p0.9999:            721,920 us/op
                 p1.00:              721,920 us/op

Iteration   7: 419,203 ±(99.9%) 1,074 us/op
                 gc.alloc.rate:      344,255 MB/sec
                 gc.alloc.rate.norm: 151477,585 B/op
                 gc.count:           5,000 counts
                 gc.time:            1,000 ms
                 p0.00:              389,632 us/op
                 p0.50:              417,280 us/op
                 p0.90:              432,128 us/op
                 p0.95:              436,736 us/op
                 p0.99:              450,514 us/op
                 p0.999:             687,290 us/op
                 p0.9999:            710,656 us/op
                 p1.00:              710,656 us/op

Iteration   8: 418,454 ±(99.9%) 1,168 us/op
                 gc.alloc.rate:      344,510 MB/sec
                 gc.alloc.rate.norm: 151536,700 B/op
                 gc.count:           6,000 counts
                 gc.time:            2,000 ms
                 p0.00:              365,056 us/op
                 p0.50:              416,768 us/op
                 p0.90:              431,616 us/op
                 p0.95:              437,760 us/op
                 p0.99:              451,584 us/op
                 p0.999:             691,200 us/op
                 p0.9999:            696,320 us/op
                 p1.00:              696,320 us/op


# Run progress: 33,33% complete, ETA 00:00:53
# Fork: 3 of 3
WARNING: A terminally deprecated method in sun.misc.Unsafe has been called
WARNING: sun.misc.Unsafe::objectFieldOffset has been called by org.openjdk.jmh.util.Utils (file:<CAMPAIGN>/before/vev-benchmark-vev/lib/jmh-core-1.37.jar)
WARNING: Please consider reporting this to the maintainers of class org.openjdk.jmh.util.Utils
WARNING: sun.misc.Unsafe::objectFieldOffset will be removed in a future release
# Warmup Iteration   1: 477,445 ±(99.9%) 12,226 us/op
# Warmup Iteration   2: 432,012 ±(99.9%) 5,968 us/op
# Warmup Iteration   3: 419,829 ±(99.9%) 2,082 us/op
# Warmup Iteration   4: 421,720 ±(99.9%) 1,268 us/op
# Warmup Iteration   5: 419,874 ±(99.9%) 1,090 us/op
Iteration   1: 420,873 ±(99.9%) 1,199 us/op
                 gc.alloc.rate:      342,883 MB/sec
                 gc.alloc.rate.norm: 151478,017 B/op
                 gc.count:           5,000 counts
                 gc.time:            1,000 ms
                 p0.00:              374,272 us/op
                 p0.50:              418,816 us/op
                 p0.90:              434,944 us/op
                 p0.95:              441,728 us/op
                 p0.99:              455,680 us/op
                 p0.999:             706,872 us/op
                 p0.9999:            720,896 us/op
                 p1.00:              720,896 us/op

Iteration   2: 420,146 ±(99.9%) 1,077 us/op
                 gc.alloc.rate:      343,472 MB/sec
                 gc.alloc.rate.norm: 151477,856 B/op
                 gc.count:           6,000 counts
                 gc.time:            2,000 ms
                 p0.00:              377,344 us/op
                 p0.50:              417,792 us/op
                 p0.90:              433,664 us/op
                 p0.95:              441,728 us/op
                 p0.99:              457,216 us/op
                 p0.999:             688,983 us/op
                 p0.9999:            722,944 us/op
                 p1.00:              722,944 us/op

Iteration   3: 419,630 ±(99.9%) 1,163 us/op
                 gc.alloc.rate:      343,895 MB/sec
                 gc.alloc.rate.norm: 151477,652 B/op
                 gc.count:           5,000 counts
                 gc.time:            1,000 ms
                 p0.00:              389,632 us/op
                 p0.50:              417,280 us/op
                 p0.90:              434,176 us/op
                 p0.95:              440,832 us/op
                 p0.99:              453,571 us/op
                 p0.999:             723,653 us/op
                 p0.9999:            745,472 us/op
                 p1.00:              745,472 us/op

Iteration   4: 419,658 ±(99.9%) 1,123 us/op
                 gc.alloc.rate:      343,874 MB/sec
                 gc.alloc.rate.norm: 151477,842 B/op
                 gc.count:           5,000 counts
                 gc.time:            1,000 ms
                 p0.00:              377,856 us/op
                 p0.50:              417,280 us/op
                 p0.90:              433,664 us/op
                 p0.95:              440,832 us/op
                 p0.99:              455,168 us/op
                 p0.999:             690,926 us/op
                 p0.9999:            723,968 us/op
                 p1.00:              723,968 us/op

Iteration   5: 419,041 ±(99.9%) 1,137 us/op
                 gc.alloc.rate:      344,384 MB/sec
                 gc.alloc.rate.norm: 151477,742 B/op
                 gc.count:           6,000 counts
                 gc.time:            1,000 ms
                 p0.00:              392,704 us/op
                 p0.50:              416,256 us/op
                 p0.90:              433,152 us/op
                 p0.95:              440,832 us/op
                 p0.99:              454,676 us/op
                 p0.999:             688,148 us/op
                 p0.9999:            693,248 us/op
                 p1.00:              693,248 us/op

Iteration   6: 418,995 ±(99.9%) 0,952 us/op
                 gc.alloc.rate:      344,421 MB/sec
                 gc.alloc.rate.norm: 151477,655 B/op
                 gc.count:           5,000 counts
                 gc.time:            1,000 ms
                 p0.00:              391,680 us/op
                 p0.50:              417,280 us/op
                 p0.90:              432,640 us/op
                 p0.95:              439,808 us/op
                 p0.99:              456,141 us/op
                 p0.999:             629,053 us/op
                 p0.9999:            642,048 us/op
                 p1.00:              642,048 us/op

Iteration   7: 422,993 ±(99.9%) 1,273 us/op
                 gc.alloc.rate:      341,176 MB/sec
                 gc.alloc.rate.norm: 151478,280 B/op
                 gc.count:           6,000 counts
                 gc.time:            2,000 ms
                 p0.00:              391,168 us/op
                 p0.50:              418,304 us/op
                 p0.90:              445,952 us/op
                 p0.95:              456,192 us/op
                 p0.99:              474,378 us/op
                 p0.999:             658,169 us/op
                 p0.9999:            687,104 us/op
                 p1.00:              687,104 us/op

Iteration   8: 419,031 ±(99.9%) 1,156 us/op
                 gc.alloc.rate:      344,095 MB/sec
                 gc.alloc.rate.norm: 151535,030 B/op
                 gc.count:           5,000 counts
                 gc.time:            1,000 ms
                 p0.00:              384,000 us/op
                 p0.50:              416,768 us/op
                 p0.90:              434,176 us/op
                 p0.95:              441,344 us/op
                 p0.99:              457,216 us/op
                 p0.999:             691,778 us/op
                 p0.9999:            721,920 us/op
                 p1.00:              721,920 us/op



Result "no.beint.vev.benchmark.VevBenchmark.findMultiple256":
  N = 57683
  mean =    418,727 ±(99.9%) 0,232 us/op

  Histogram, us/op:
    [300,000, 350,000) = 0 
    [350,000, 400,000) = 1405 
    [400,000, 450,000) = 55085 
    [450,000, 500,000) = 1049 
    [500,000, 550,000) = 10 
    [550,000, 600,000) = 12 
    [600,000, 650,000) = 17 
    [650,000, 700,000) = 84 
    [700,000, 750,000) = 21 

  Percentiles, us/op:
      p(0,0000) =    359,424 us/op
     p(50,0000) =    416,256 us/op
     p(90,0000) =    433,152 us/op
     p(95,0000) =    440,320 us/op
     p(99,0000) =    457,728 us/op
     p(99,9000) =    681,984 us/op
     p(99,9900) =    722,157 us/op
     p(99,9990) =    745,472 us/op
     p(99,9999) =    745,472 us/op
    p(100,0000) =    745,472 us/op

Secondary result "no.beint.vev.benchmark.VevBenchmark.findMultiple256:gc.alloc.rate":
  344,617 ±(99.9%) 1,066 MB/sec [Average]
  (min, avg, max) = (341,176, 344,617, 348,156), stdev = 1,386
  CI (99.9%): [343,551, 345,683] (assumes normal distribution)

Secondary result "no.beint.vev.benchmark.VevBenchmark.findMultiple256:gc.alloc.rate.norm":
  151490,302 ±(99.9%) 16,068 B/op [Average]
  (min, avg, max) = (151477,530, 151490,302, 151550,322), stdev = 20,893
  CI (99.9%): [151474,234, 151506,370] (assumes normal distribution)

Secondary result "no.beint.vev.benchmark.VevBenchmark.findMultiple256:gc.count":
  131,000 ±(99.9%) 0,001 counts [Sum]
  (min, avg, max) = (5,000, 5,458, 6,000), stdev = 0,509
  CI (99.9%): [131,000, 131,000] (assumes normal distribution)

Secondary result "no.beint.vev.benchmark.VevBenchmark.findMultiple256:gc.time":
  31,000 ±(99.9%) 0,001 ms [Sum]
  (min, avg, max) = (1,000, 1,292, 2,000), stdev = 0,464
  CI (99.9%): [31,000, 31,000] (assumes normal distribution)


# JMH version: 1.37
# VM version: JDK 27, OpenJDK 64-Bit Server VM, 27+35-2325
# VM invoker: <JDK_HOME>/bin/java
# VM options: <none>
# Blackhole mode: compiler (auto-detected, use -Djmh.blackhole.autoDetect=false to disable)
# Warmup: 5 iterations, 1 s each
# Measurement: 8 iterations, 1 s each
# Timeout: 10 min per iteration
# Threads: 1 thread, will synchronize iterations
# Benchmark mode: Sampling time
# Benchmark: no.beint.vev.benchmark.VevBenchmark.findOne

# Run progress: 50,00% complete, ETA 00:00:40
# Fork: 1 of 3
WARNING: A terminally deprecated method in sun.misc.Unsafe has been called
WARNING: sun.misc.Unsafe::objectFieldOffset has been called by org.openjdk.jmh.util.Utils (file:<CAMPAIGN>/before/vev-benchmark-vev/lib/jmh-core-1.37.jar)
WARNING: Please consider reporting this to the maintainers of class org.openjdk.jmh.util.Utils
WARNING: sun.misc.Unsafe::objectFieldOffset will be removed in a future release
# Warmup Iteration   1: 199,608 ±(99.9%) 3,264 us/op
# Warmup Iteration   2: 182,312 ±(99.9%) 2,797 us/op
# Warmup Iteration   3: 180,716 ±(99.9%) 1,283 us/op
# Warmup Iteration   4: 180,735 ±(99.9%) 1,303 us/op
# Warmup Iteration   5: 180,040 ±(99.9%) 1,048 us/op
Iteration   1: 179,683 ±(99.9%) 0,591 us/op
                 gc.alloc.rate:      53,346 MB/sec
                 gc.alloc.rate.norm: 10064,168 B/op
                 gc.count:           3,000 counts
                 gc.time:            1,000 ms
                 p0.00:              148,480 us/op
                 p0.50:              177,920 us/op
                 p0.90:              192,768 us/op
                 p0.95:              198,144 us/op
                 p0.99:              212,964 us/op
                 p0.999:             296,966 us/op
                 p0.9999:            498,176 us/op
                 p1.00:              498,176 us/op

Iteration   2: 179,777 ±(99.9%) 0,546 us/op
                 gc.alloc.rate:      53,310 MB/sec
                 gc.alloc.rate.norm: 10061,592 B/op
                 gc.count:           4,000 counts
                 gc.time:            1,000 ms
                 p0.00:              153,856 us/op
                 p0.50:              178,176 us/op
                 p0.90:              192,512 us/op
                 p0.95:              197,632 us/op
                 p0.99:              208,640 us/op
                 p0.999:             238,577 us/op
                 p0.9999:            524,288 us/op
                 p1.00:              524,288 us/op

Iteration   3: 179,401 ±(99.9%) 0,511 us/op
                 gc.alloc.rate:      53,405 MB/sec
                 gc.alloc.rate.norm: 10057,905 B/op
                 gc.count:           3,000 counts
                 gc.time:            ≈ 0 ms
                 p0.00:              154,112 us/op
                 p0.50:              177,920 us/op
                 p0.90:              192,000 us/op
                 p0.95:              196,608 us/op
                 p0.99:              205,568 us/op
                 p0.999:             227,942 us/op
                 p0.9999:            475,136 us/op
                 p1.00:              475,136 us/op

Iteration   4: 179,628 ±(99.9%) 0,527 us/op
                 gc.alloc.rate:      53,337 MB/sec
                 gc.alloc.rate.norm: 10058,039 B/op
                 gc.count:           3,000 counts
                 gc.time:            1,000 ms
                 p0.00:              147,712 us/op
                 p0.50:              178,176 us/op
                 p0.90:              193,024 us/op
                 p0.95:              198,400 us/op
                 p0.99:              209,715 us/op
                 p0.999:             244,224 us/op
                 p0.9999:            451,072 us/op
                 p1.00:              451,072 us/op

Iteration   5: 179,592 ±(99.9%) 0,543 us/op
                 gc.alloc.rate:      53,348 MB/sec
                 gc.alloc.rate.norm: 10058,638 B/op
                 gc.count:           4,000 counts
                 gc.time:            1,000 ms
                 p0.00:              148,736 us/op
                 p0.50:              178,176 us/op
                 p0.90:              192,512 us/op
                 p0.95:              197,632 us/op
                 p0.99:              207,309 us/op
                 p0.999:             233,856 us/op
                 p0.9999:            484,864 us/op
                 p1.00:              484,864 us/op

Iteration   6: 173,085 ±(99.9%) 0,621 us/op
                 gc.alloc.rate:      55,353 MB/sec
                 gc.alloc.rate.norm: 10057,722 B/op
                 gc.count:           3,000 counts
                 gc.time:            1,000 ms
                 p0.00:              143,616 us/op
                 p0.50:              171,520 us/op
                 p0.90:              189,184 us/op
                 p0.95:              195,072 us/op
                 p0.99:              208,128 us/op
                 p0.999:             267,502 us/op
                 p0.9999:            507,392 us/op
                 p1.00:              507,392 us/op

Iteration   7: 178,909 ±(99.9%) 0,532 us/op
                 gc.alloc.rate:      53,554 MB/sec
                 gc.alloc.rate.norm: 10057,957 B/op
                 gc.count:           4,000 counts
                 gc.time:            1,000 ms
                 p0.00:              147,712 us/op
                 p0.50:              177,664 us/op
                 p0.90:              192,000 us/op
                 p0.95:              197,120 us/op
                 p0.99:              208,284 us/op
                 p0.999:             236,607 us/op
                 p0.9999:            478,720 us/op
                 p1.00:              478,720 us/op

Iteration   8: 179,464 ±(99.9%) 0,515 us/op
                 gc.alloc.rate:      53,450 MB/sec
                 gc.alloc.rate.norm: 10082,023 B/op
                 gc.count:           3,000 counts
                 gc.time:            1,000 ms
                 p0.00:              153,600 us/op
                 p0.50:              177,920 us/op
                 p0.90:              191,744 us/op
                 p0.95:              196,608 us/op
                 p0.99:              206,336 us/op
                 p0.999:             242,240 us/op
                 p0.9999:            514,560 us/op
                 p1.00:              514,560 us/op


# Run progress: 66,67% complete, ETA 00:00:26
# Fork: 2 of 3
WARNING: A terminally deprecated method in sun.misc.Unsafe has been called
WARNING: sun.misc.Unsafe::objectFieldOffset has been called by org.openjdk.jmh.util.Utils (file:<CAMPAIGN>/before/vev-benchmark-vev/lib/jmh-core-1.37.jar)
WARNING: Please consider reporting this to the maintainers of class org.openjdk.jmh.util.Utils
WARNING: sun.misc.Unsafe::objectFieldOffset will be removed in a future release
# Warmup Iteration   1: 195,626 ±(99.9%) 2,799 us/op
# Warmup Iteration   2: 177,843 ±(99.9%) 1,911 us/op
# Warmup Iteration   3: 179,806 ±(99.9%) 1,506 us/op
# Warmup Iteration   4: 179,912 ±(99.9%) 1,154 us/op
# Warmup Iteration   5: 179,448 ±(99.9%) 1,085 us/op
Iteration   1: 179,284 ±(99.9%) 1,256 us/op
                 gc.alloc.rate:      53,476 MB/sec
                 gc.alloc.rate.norm: 10065,919 B/op
                 gc.count:           3,000 counts
                 gc.time:            3,000 ms
                 p0.00:              152,832 us/op
                 p0.50:              177,408 us/op
                 p0.90:              192,000 us/op
                 p0.95:              196,864 us/op
                 p0.99:              208,832 us/op
                 p0.999:             231,744 us/op
                 p0.9999:            1447,936 us/op
                 p1.00:              1447,936 us/op

Iteration   2: 179,094 ±(99.9%) 0,782 us/op
                 gc.alloc.rate:      53,572 MB/sec
                 gc.alloc.rate.norm: 10073,043 B/op
                 gc.count:           2,000 counts
                 gc.time:            2,000 ms
                 p0.00:              154,112 us/op
                 p0.50:              177,408 us/op
                 p0.90:              191,488 us/op
                 p0.95:              196,352 us/op
                 p0.99:              206,848 us/op
                 p0.999:             229,123 us/op
                 p0.9999:            1144,832 us/op
                 p1.00:              1144,832 us/op

Iteration   3: 177,826 ±(99.9%) 0,525 us/op
                 gc.alloc.rate:      53,936 MB/sec
                 gc.alloc.rate.norm: 10069,407 B/op
                 gc.count:           2,000 counts
                 gc.time:            ≈ 0 ms
                 p0.00:              148,992 us/op
                 p0.50:              176,640 us/op
                 p0.90:              190,720 us/op
                 p0.95:              195,981 us/op
                 p0.99:              206,159 us/op
                 p0.999:             222,370 us/op
                 p0.9999:            571,392 us/op
                 p1.00:              571,392 us/op

Iteration   4: 179,125 ±(99.9%) 0,542 us/op
                 gc.alloc.rate:      53,530 MB/sec
                 gc.alloc.rate.norm: 10065,932 B/op
                 gc.count:           3,000 counts
                 gc.time:            1,000 ms
                 p0.00:              150,528 us/op
                 p0.50:              177,408 us/op
                 p0.90:              192,000 us/op
                 p0.95:              197,632 us/op
                 p0.99:              210,176 us/op
                 p0.999:             231,936 us/op
                 p0.9999:            499,200 us/op
                 p1.00:              499,200 us/op

Iteration   5: 178,887 ±(99.9%) 0,471 us/op
                 gc.alloc.rate:      53,593 MB/sec
                 gc.alloc.rate.norm: 10065,857 B/op
                 gc.count:           2,000 counts
                 gc.time:            1,000 ms
                 p0.00:              153,600 us/op
                 p0.50:              177,408 us/op
                 p0.90:              190,720 us/op
                 p0.95:              195,328 us/op
                 p0.99:              205,076 us/op
                 p0.999:             223,195 us/op
                 p0.9999:            487,936 us/op
                 p1.00:              487,936 us/op

Iteration   6: 178,602 ±(99.9%) 0,553 us/op
                 gc.alloc.rate:      53,706 MB/sec
                 gc.alloc.rate.norm: 10069,563 B/op
                 gc.count:           2,000 counts
                 gc.time:            ≈ 0 ms
                 p0.00:              150,272 us/op
                 p0.50:              177,408 us/op
                 p0.90:              191,488 us/op
                 p0.95:              196,352 us/op
                 p0.99:              209,408 us/op
                 p0.999:             283,019 us/op
                 p0.9999:            532,480 us/op
                 p1.00:              532,480 us/op

Iteration   7: 179,231 ±(99.9%) 0,473 us/op
                 gc.alloc.rate:      53,502 MB/sec
                 gc.alloc.rate.norm: 10065,759 B/op
                 gc.count:           2,000 counts
                 gc.time:            1,000 ms
                 p0.00:              153,344 us/op
                 p0.50:              177,664 us/op
                 p0.90:              191,488 us/op
                 p0.95:              196,352 us/op
                 p0.99:              206,254 us/op
                 p0.999:             223,541 us/op
                 p0.9999:            483,328 us/op
                 p1.00:              483,328 us/op

Iteration   8: 178,516 ±(99.9%) 0,552 us/op
                 gc.alloc.rate:      53,774 MB/sec
                 gc.alloc.rate.norm: 10089,946 B/op
                 gc.count:           3,000 counts
                 gc.time:            1,000 ms
                 p0.00:              149,760 us/op
                 p0.50:              177,408 us/op
                 p0.90:              190,976 us/op
                 p0.95:              195,840 us/op
                 p0.99:              206,592 us/op
                 p0.999:             270,322 us/op
                 p0.9999:            523,776 us/op
                 p1.00:              523,776 us/op


# Run progress: 83,33% complete, ETA 00:00:13
# Fork: 3 of 3
WARNING: A terminally deprecated method in sun.misc.Unsafe has been called
WARNING: sun.misc.Unsafe::objectFieldOffset has been called by org.openjdk.jmh.util.Utils (file:<CAMPAIGN>/before/vev-benchmark-vev/lib/jmh-core-1.37.jar)
WARNING: Please consider reporting this to the maintainers of class org.openjdk.jmh.util.Utils
WARNING: sun.misc.Unsafe::objectFieldOffset will be removed in a future release
# Warmup Iteration   1: 195,332 ±(99.9%) 3,011 us/op
# Warmup Iteration   2: 179,710 ±(99.9%) 2,083 us/op
# Warmup Iteration   3: 179,224 ±(99.9%) 1,606 us/op
# Warmup Iteration   4: 180,151 ±(99.9%) 1,389 us/op
# Warmup Iteration   5: 177,979 ±(99.9%) 0,774 us/op
Iteration   1: 178,819 ±(99.9%) 0,537 us/op
                 gc.alloc.rate:      53,478 MB/sec
                 gc.alloc.rate.norm: 10040,937 B/op
                 gc.count:           3,000 counts
                 gc.time:            1,000 ms
                 p0.00:              151,808 us/op
                 p0.50:              177,408 us/op
                 p0.90:              191,232 us/op
                 p0.95:              196,096 us/op
                 p0.99:              206,080 us/op
                 p0.999:             235,302 us/op
                 p0.9999:            566,272 us/op
                 p1.00:              566,272 us/op

Iteration   2: 178,852 ±(99.9%) 0,531 us/op
                 gc.alloc.rate:      53,527 MB/sec
                 gc.alloc.rate.norm: 10049,819 B/op
                 gc.count:           4,000 counts
                 gc.time:            1,000 ms
                 p0.00:              151,296 us/op
                 p0.50:              177,408 us/op
                 p0.90:              190,976 us/op
                 p0.95:              196,352 us/op
                 p0.99:              207,104 us/op
                 p0.999:             237,622 us/op
                 p0.9999:            494,080 us/op
                 p1.00:              494,080 us/op

Iteration   3: 178,449 ±(99.9%) 0,515 us/op
                 gc.alloc.rate:      53,648 MB/sec
                 gc.alloc.rate.norm: 10049,831 B/op
                 gc.count:           3,000 counts
                 gc.time:            1,000 ms
                 p0.00:              151,040 us/op
                 p0.50:              177,152 us/op
                 p0.90:              190,976 us/op
                 p0.95:              195,584 us/op
                 p0.99:              206,848 us/op
                 p0.999:             231,156 us/op
                 p0.9999:            478,208 us/op
                 p1.00:              478,208 us/op

Iteration   4: 179,071 ±(99.9%) 0,522 us/op
                 gc.alloc.rate:      53,460 MB/sec
                 gc.alloc.rate.norm: 10049,865 B/op
                 gc.count:           3,000 counts
                 gc.time:            ≈ 0 ms
                 p0.00:              150,272 us/op
                 p0.50:              177,664 us/op
                 p0.90:              192,000 us/op
                 p0.95:              196,864 us/op
                 p0.99:              207,688 us/op
                 p0.999:             224,908 us/op
                 p0.9999:            480,768 us/op
                 p1.00:              480,768 us/op

Iteration   5: 178,226 ±(99.9%) 0,562 us/op
                 gc.alloc.rate:      53,698 MB/sec
                 gc.alloc.rate.norm: 10047,727 B/op
                 gc.count:           4,000 counts
                 gc.time:            1,000 ms
                 p0.00:              148,480 us/op
                 p0.50:              176,896 us/op
                 p0.90:              191,488 us/op
                 p0.95:              196,314 us/op
                 p0.99:              207,455 us/op
                 p0.999:             234,844 us/op
                 p0.9999:            490,496 us/op
                 p1.00:              490,496 us/op

Iteration   6: 178,982 ±(99.9%) 0,505 us/op
                 gc.alloc.rate:      53,491 MB/sec
                 gc.alloc.rate.norm: 10049,806 B/op
                 gc.count:           3,000 counts
                 gc.time:            1,000 ms
                 p0.00:              148,480 us/op
                 p0.50:              177,408 us/op
                 p0.90:              191,488 us/op
                 p0.95:              196,096 us/op
                 p0.99:              207,104 us/op
                 p0.999:             220,242 us/op
                 p0.9999:            476,160 us/op
                 p1.00:              476,160 us/op

Iteration   7: 177,913 ±(99.9%) 0,553 us/op
                 gc.alloc.rate:      53,812 MB/sec
                 gc.alloc.rate.norm: 10049,846 B/op
                 gc.count:           4,000 counts
                 gc.time:            1,000 ms
                 p0.00:              150,784 us/op
                 p0.50:              176,640 us/op
                 p0.90:              190,720 us/op
                 p0.95:              195,840 us/op
                 p0.99:              206,661 us/op
                 p0.999:             246,612 us/op
                 p0.9999:            507,392 us/op
                 p1.00:              507,392 us/op

Iteration   8: 179,281 ±(99.9%) 0,527 us/op
                 gc.alloc.rate:      53,469 MB/sec
                 gc.alloc.rate.norm: 10074,147 B/op
                 gc.count:           3,000 counts
                 gc.time:            1,000 ms
                 p0.00:              152,576 us/op
                 p0.50:              177,664 us/op
                 p0.90:              192,000 us/op
                 p0.95:              196,864 us/op
                 p0.99:              209,408 us/op
                 p0.999:             241,331 us/op
                 p0.9999:            510,464 us/op
                 p1.00:              510,464 us/op



Result "no.beint.vev.benchmark.VevBenchmark.findOne":
  N = 135294
  mean =    178,727 ±(99.9%) 0,122 us/op

  Histogram, us/op:
    [   0,000,  125,000) = 0 
    [ 125,000,  250,000) = 135196 
    [ 250,000,  375,000) = 24 
    [ 375,000,  500,000) = 59 
    [ 500,000,  625,000) = 10 
    [ 625,000,  750,000) = 0 
    [ 750,000,  875,000) = 1 
    [ 875,000, 1000,000) = 0 
    [1000,000, 1125,000) = 0 
    [1125,000, 1250,000) = 1 
    [1250,000, 1375,000) = 2 
    [1375,000, 1500,000) = 1 
    [1500,000, 1625,000) = 0 
    [1625,000, 1750,000) = 0 
    [1750,000, 1875,000) = 0 

  Percentiles, us/op:
      p(0,0000) =    143,616 us/op
     p(50,0000) =    177,408 us/op
     p(90,0000) =    191,488 us/op
     p(95,0000) =    196,608 us/op
     p(99,0000) =    207,616 us/op
     p(99,9000) =    235,776 us/op
     p(99,9900) =    507,392 us/op
     p(99,9990) =   1391,554 us/op
     p(99,9999) =   1447,936 us/op
    p(100,0000) =   1447,936 us/op

Secondary result "no.beint.vev.benchmark.VevBenchmark.findOne:gc.alloc.rate":
  53,616 ±(99.9%) 0,309 MB/sec [Average]
  (min, avg, max) = (53,310, 53,616, 55,353), stdev = 0,402
  CI (99.9%): [53,306, 53,925] (assumes normal distribution)

Secondary result "no.beint.vev.benchmark.VevBenchmark.findOne:gc.alloc.rate.norm":
  10061,477 ±(99.9%) 8,910 B/op [Average]
  (min, avg, max) = (10040,937, 10061,477, 10089,946), stdev = 11,586
  CI (99.9%): [10052,567, 10070,388] (assumes normal distribution)

Secondary result "no.beint.vev.benchmark.VevBenchmark.findOne:gc.count":
  73,000 ±(99.9%) 0,001 counts [Sum]
  (min, avg, max) = (2,000, 3,042, 4,000), stdev = 0,690
  CI (99.9%): [73,000, 73,000] (assumes normal distribution)

Secondary result "no.beint.vev.benchmark.VevBenchmark.findOne:gc.time":
  23,000 ±(99.9%) 0,001 ms [Sum]
  (min, avg, max) = (≈ 0, 0,958, 3,000), stdev = 0,624
  CI (99.9%): [23,000, 23,000] (assumes normal distribution)


# Run complete. Total time: 00:01:20

REMEMBER: The numbers below are just data. To gain reusable insights, you need to follow up on
why the numbers are the way they are. Use profilers (see -prof, -lprof), design factorial
experiments, perform baseline and negative tests that provide experimental control, make sure
the benchmarking environment is safe on JVM/OS/HW level, ask for reviews from the domain experts.
Do not assume the numbers tell you what you want them to tell.

NOTE: Current JVM experimentally supports Compiler Blackholes, and they are in use. Please exercise
extra caution when trusting the results, look into the generated code to check the benchmark still
works, and factor in a small probability of new VM bugs. Additionally, while comparisons between
different JVMs are already problematic, the performance difference caused by different Blackhole
modes can be very significant. Please make sure you use the consistent Blackhole mode for comparisons.

Benchmark                                          Mode     Cnt       Score    Error   Units
VevBenchmark.findMultiple256                     sample   57683     418,727 ±  0,232   us/op
VevBenchmark.findMultiple256:gc.alloc.rate       sample      24     344,617 ±  1,066  MB/sec
VevBenchmark.findMultiple256:gc.alloc.rate.norm  sample      24  151490,302 ± 16,068    B/op
VevBenchmark.findMultiple256:gc.count            sample      24     131,000           counts
VevBenchmark.findMultiple256:gc.time             sample      24      31,000               ms
VevBenchmark.findMultiple256:p0.00               sample             359,424            us/op
VevBenchmark.findMultiple256:p0.50               sample             416,256            us/op
VevBenchmark.findMultiple256:p0.90               sample             433,152            us/op
VevBenchmark.findMultiple256:p0.95               sample             440,320            us/op
VevBenchmark.findMultiple256:p0.99               sample             457,728            us/op
VevBenchmark.findMultiple256:p0.999              sample             681,984            us/op
VevBenchmark.findMultiple256:p0.9999             sample             722,157            us/op
VevBenchmark.findMultiple256:p1.00               sample             745,472            us/op
VevBenchmark.findOne                             sample  135294     178,727 ±  0,122   us/op
VevBenchmark.findOne:gc.alloc.rate               sample      24      53,616 ±  0,309  MB/sec
VevBenchmark.findOne:gc.alloc.rate.norm          sample      24   10061,477 ±  8,910    B/op
VevBenchmark.findOne:gc.count                    sample      24      73,000           counts
VevBenchmark.findOne:gc.time                     sample      24      23,000               ms
VevBenchmark.findOne:p0.00                       sample             143,616            us/op
VevBenchmark.findOne:p0.50                       sample             177,408            us/op
VevBenchmark.findOne:p0.90                       sample             191,488            us/op
VevBenchmark.findOne:p0.95                       sample             196,608            us/op
VevBenchmark.findOne:p0.99                       sample             207,616            us/op
VevBenchmark.findOne:p0.999                      sample             235,776            us/op
VevBenchmark.findOne:p0.9999                     sample             507,392            us/op
VevBenchmark.findOne:p1.00                       sample            1447,936            us/op

Benchmark result is saved to <CAMPAIGN>/a1-before.json
