WARNING: A terminally deprecated method in sun.misc.Unsafe has been called
WARNING: sun.misc.Unsafe::objectFieldOffset has been called by org.openjdk.jmh.util.Utils (file:<CAMPAIGN>/after/vev-benchmark-vev/lib/jmh-core-1.37.jar)
WARNING: Please consider reporting this to the maintainers of class org.openjdk.jmh.util.Utils
WARNING: sun.misc.Unsafe::objectFieldOffset will be removed in a future release
# JMH version: 1.37
# VM version: JDK 27, OpenJDK 64-Bit Server VM, 27+35-2325
# VM invoker: <JDK_HOME>/bin/java
# VM options: <none>
# Blackhole mode: compiler (auto-detected, use -Djmh.blackhole.autoDetect=false to disable)
# Warmup: 5 iterations, 1 s each
# Measurement: 8 iterations, 1 s each
# Timeout: 10 min per iteration
# Threads: 1 thread, will synchronize iterations
# Benchmark mode: Sampling time
# Benchmark: no.beint.vev.benchmark.VevBenchmark.findMultiple256

# Run progress: 0,00% complete, ETA 00:01:18
# Fork: 1 of 3
WARNING: A terminally deprecated method in sun.misc.Unsafe has been called
WARNING: sun.misc.Unsafe::objectFieldOffset has been called by org.openjdk.jmh.util.Utils (file:<CAMPAIGN>/after/vev-benchmark-vev/lib/jmh-core-1.37.jar)
WARNING: Please consider reporting this to the maintainers of class org.openjdk.jmh.util.Utils
WARNING: sun.misc.Unsafe::objectFieldOffset will be removed in a future release
# Warmup Iteration   1: 473,057 ±(99.9%) 12,362 us/op
# Warmup Iteration   2: 423,310 ±(99.9%) 5,610 us/op
# Warmup Iteration   3: 415,382 ±(99.9%) 2,743 us/op
# Warmup Iteration   4: 411,894 ±(99.9%) 1,417 us/op
# Warmup Iteration   5: 413,888 ±(99.9%) 1,115 us/op
Iteration   1: 412,580 ±(99.9%) 1,086 us/op
                 gc.alloc.rate:      326,228 MB/sec
                 gc.alloc.rate.norm: 141277,563 B/op
                 gc.count:           5,000 counts
                 gc.time:            1,000 ms
                 p0.00:              371,712 us/op
                 p0.50:              411,136 us/op
                 p0.90:              427,520 us/op
                 p0.95:              434,509 us/op
                 p0.99:              451,072 us/op
                 p0.999:             673,070 us/op
                 p0.9999:            693,248 us/op
                 p1.00:              693,248 us/op

Iteration   2: 414,162 ±(99.9%) 1,130 us/op
                 gc.alloc.rate:      324,975 MB/sec
                 gc.alloc.rate.norm: 141277,597 B/op
                 gc.count:           5,000 counts
                 gc.time:            2,000 ms
                 p0.00:              382,976 us/op
                 p0.50:              411,648 us/op
                 p0.90:              428,032 us/op
                 p0.95:              435,200 us/op
                 p0.99:              455,091 us/op
                 p0.999:             684,129 us/op
                 p0.9999:            700,416 us/op
                 p1.00:              700,416 us/op

Iteration   3: 412,280 ±(99.9%) 1,073 us/op
                 gc.alloc.rate:      326,459 MB/sec
                 gc.alloc.rate.norm: 141277,638 B/op
                 gc.count:           5,000 counts
                 gc.time:            1,000 ms
                 p0.00:              369,152 us/op
                 p0.50:              411,136 us/op
                 p0.90:              427,008 us/op
                 p0.95:              433,152 us/op
                 p0.99:              447,048 us/op
                 p0.999:             661,634 us/op
                 p0.9999:            678,912 us/op
                 p1.00:              678,912 us/op

Iteration   4: 413,974 ±(99.9%) 1,111 us/op
                 gc.alloc.rate:      325,116 MB/sec
                 gc.alloc.rate.norm: 141277,553 B/op
                 gc.count:           5,000 counts
                 gc.time:            1,000 ms
                 p0.00:              387,072 us/op
                 p0.50:              411,648 us/op
                 p0.90:              427,520 us/op
                 p0.95:              434,176 us/op
                 p0.99:              449,961 us/op
                 p0.999:             685,056 us/op
                 p0.9999:            721,920 us/op
                 p1.00:              721,920 us/op

Iteration   5: 412,298 ±(99.9%) 1,149 us/op
                 gc.alloc.rate:      326,448 MB/sec
                 gc.alloc.rate.norm: 141277,737 B/op
                 gc.count:           5,000 counts
                 gc.time:            1,000 ms
                 p0.00:              375,296 us/op
                 p0.50:              410,624 us/op
                 p0.90:              427,008 us/op
                 p0.95:              433,664 us/op
                 p0.99:              449,270 us/op
                 p0.999:             676,428 us/op
                 p0.9999:            702,464 us/op
                 p1.00:              702,464 us/op

Iteration   6: 413,077 ±(99.9%) 1,124 us/op
                 gc.alloc.rate:      325,829 MB/sec
                 gc.alloc.rate.norm: 141277,420 B/op
                 gc.count:           5,000 counts
                 gc.time:            1,000 ms
                 p0.00:              380,416 us/op
                 p0.50:              410,624 us/op
                 p0.90:              427,008 us/op
                 p0.95:              433,664 us/op
                 p0.99:              451,374 us/op
                 p0.999:             696,352 us/op
                 p0.9999:            712,704 us/op
                 p1.00:              712,704 us/op

Iteration   7: 412,987 ±(99.9%) 1,197 us/op
                 gc.alloc.rate:      325,905 MB/sec
                 gc.alloc.rate.norm: 141277,712 B/op
                 gc.count:           6,000 counts
                 gc.time:            2,000 ms
                 p0.00:              355,328 us/op
                 p0.50:              411,136 us/op
                 p0.90:              428,032 us/op
                 p0.95:              434,176 us/op
                 p0.99:              452,890 us/op
                 p0.999:             678,113 us/op
                 p0.9999:            733,184 us/op
                 p1.00:              733,184 us/op

Iteration   8: 411,928 ±(99.9%) 1,138 us/op
                 gc.alloc.rate:      326,421 MB/sec
                 gc.alloc.rate.norm: 141336,923 B/op
                 gc.count:           5,000 counts
                 gc.time:            1,000 ms
                 p0.00:              372,224 us/op
                 p0.50:              410,112 us/op
                 p0.90:              426,496 us/op
                 p0.95:              432,640 us/op
                 p0.99:              449,024 us/op
                 p0.999:             672,317 us/op
                 p0.9999:            703,488 us/op
                 p1.00:              703,488 us/op


# Run progress: 16,67% complete, ETA 00:01:07
# Fork: 2 of 3
WARNING: A terminally deprecated method in sun.misc.Unsafe has been called
WARNING: sun.misc.Unsafe::objectFieldOffset has been called by org.openjdk.jmh.util.Utils (file:<CAMPAIGN>/after/vev-benchmark-vev/lib/jmh-core-1.37.jar)
WARNING: Please consider reporting this to the maintainers of class org.openjdk.jmh.util.Utils
WARNING: sun.misc.Unsafe::objectFieldOffset will be removed in a future release
# Warmup Iteration   1: 470,744 ±(99.9%) 12,345 us/op
# Warmup Iteration   2: 421,294 ±(99.9%) 4,948 us/op
# Warmup Iteration   3: 414,980 ±(99.9%) 2,257 us/op
# Warmup Iteration   4: 412,966 ±(99.9%) 1,290 us/op
# Warmup Iteration   5: 410,912 ±(99.9%) 1,185 us/op
Iteration   1: 412,518 ±(99.9%) 1,171 us/op
                 gc.alloc.rate:      326,270 MB/sec
                 gc.alloc.rate.norm: 141277,385 B/op
                 gc.count:           6,000 counts
                 gc.time:            1,000 ms
                 p0.00:              384,000 us/op
                 p0.50:              410,112 us/op
                 p0.90:              427,008 us/op
                 p0.95:              433,664 us/op
                 p0.99:              449,802 us/op
                 p0.999:             708,403 us/op
                 p0.9999:            724,992 us/op
                 p1.00:              724,992 us/op

Iteration   2: 411,059 ±(99.9%) 1,227 us/op
                 gc.alloc.rate:      327,412 MB/sec
                 gc.alloc.rate.norm: 141277,761 B/op
                 gc.count:           6,000 counts
                 gc.time:            2,000 ms
                 p0.00:              371,200 us/op
                 p0.50:              409,088 us/op
                 p0.90:              426,496 us/op
                 p0.95:              433,664 us/op
                 p0.99:              450,560 us/op
                 p0.999:             678,371 us/op
                 p0.9999:            686,080 us/op
                 p1.00:              686,080 us/op

Iteration   3: 412,135 ±(99.9%) 1,154 us/op
                 gc.alloc.rate:      326,569 MB/sec
                 gc.alloc.rate.norm: 141277,533 B/op
                 gc.count:           6,000 counts
                 gc.time:            1,000 ms
                 p0.00:              374,272 us/op
                 p0.50:              410,112 us/op
                 p0.90:              425,984 us/op
                 p0.95:              433,152 us/op
                 p0.99:              447,488 us/op
                 p0.999:             706,683 us/op
                 p0.9999:            712,704 us/op
                 p1.00:              712,704 us/op

Iteration   4: 412,430 ±(99.9%) 1,070 us/op
                 gc.alloc.rate:      326,334 MB/sec
                 gc.alloc.rate.norm: 141277,358 B/op
                 gc.count:           5,000 counts
                 gc.time:            1,000 ms
                 p0.00:              379,904 us/op
                 p0.50:              410,112 us/op
                 p0.90:              426,598 us/op
                 p0.95:              434,176 us/op
                 p0.99:              449,802 us/op
                 p0.999:             671,146 us/op
                 p0.9999:            677,888 us/op
                 p1.00:              677,888 us/op

Iteration   5: 411,583 ±(99.9%) 1,189 us/op
                 gc.alloc.rate:      327,013 MB/sec
                 gc.alloc.rate.norm: 141277,727 B/op
                 gc.count:           6,000 counts
                 gc.time:            2,000 ms
                 p0.00:              371,200 us/op
                 p0.50:              409,600 us/op
                 p0.90:              426,496 us/op
                 p0.95:              433,152 us/op
                 p0.99:              448,870 us/op
                 p0.999:             684,605 us/op
                 p0.9999:            705,536 us/op
                 p1.00:              705,536 us/op

Iteration   6: 414,407 ±(99.9%) 1,229 us/op
                 gc.alloc.rate:      324,778 MB/sec
                 gc.alloc.rate.norm: 141277,718 B/op
                 gc.count:           6,000 counts
                 gc.time:            1,000 ms
                 p0.00:              376,832 us/op
                 p0.50:              411,136 us/op
                 p0.90:              429,568 us/op
                 p0.95:              439,296 us/op
                 p0.99:              469,903 us/op
                 p0.999:             667,914 us/op
                 p0.9999:            701,440 us/op
                 p1.00:              701,440 us/op

Iteration   7: 410,903 ±(99.9%) 1,200 us/op
                 gc.alloc.rate:      327,547 MB/sec
                 gc.alloc.rate.norm: 141277,695 B/op
                 gc.count:           6,000 counts
                 gc.time:            1,000 ms
                 p0.00:              356,864 us/op
                 p0.50:              409,600 us/op
                 p0.90:              425,984 us/op
                 p0.95:              432,614 us/op
                 p0.99:              450,048 us/op
                 p0.999:             699,875 us/op
                 p0.9999:            720,896 us/op
                 p1.00:              720,896 us/op

Iteration   8: 411,624 ±(99.9%) 1,118 us/op
                 gc.alloc.rate:      326,729 MB/sec
                 gc.alloc.rate.norm: 141347,812 B/op
                 gc.count:           6,000 counts
                 gc.time:            2,000 ms
                 p0.00:              378,880 us/op
                 p0.50:              409,600 us/op
                 p0.90:              424,960 us/op
                 p0.95:              433,152 us/op
                 p0.99:              451,359 us/op
                 p0.999:             684,601 us/op
                 p0.9999:            721,920 us/op
                 p1.00:              721,920 us/op


# Run progress: 33,33% complete, ETA 00:00:53
# Fork: 3 of 3
WARNING: A terminally deprecated method in sun.misc.Unsafe has been called
WARNING: sun.misc.Unsafe::objectFieldOffset has been called by org.openjdk.jmh.util.Utils (file:<CAMPAIGN>/after/vev-benchmark-vev/lib/jmh-core-1.37.jar)
WARNING: Please consider reporting this to the maintainers of class org.openjdk.jmh.util.Utils
WARNING: sun.misc.Unsafe::objectFieldOffset will be removed in a future release
# Warmup Iteration   1: 471,009 ±(99.9%) 12,331 us/op
# Warmup Iteration   2: 422,662 ±(99.9%) 5,223 us/op
# Warmup Iteration   3: 414,801 ±(99.9%) 1,858 us/op
# Warmup Iteration   4: 413,561 ±(99.9%) 1,357 us/op
# Warmup Iteration   5: 412,983 ±(99.9%) 1,205 us/op
Iteration   1: 413,033 ±(99.9%) 1,167 us/op
                 gc.alloc.rate:      325,929 MB/sec
                 gc.alloc.rate.norm: 141309,671 B/op
                 gc.count:           7,000 counts
                 gc.time:            1,000 ms
                 p0.00:              365,568 us/op
                 p0.50:              410,624 us/op
                 p0.90:              427,520 us/op
                 p0.95:              435,200 us/op
                 p0.99:              451,584 us/op
                 p0.999:             670,890 us/op
                 p0.9999:            698,368 us/op
                 p1.00:              698,368 us/op

Iteration   2: 412,614 ±(99.9%) 1,123 us/op
                 gc.alloc.rate:      326,261 MB/sec
                 gc.alloc.rate.norm: 141309,529 B/op
                 gc.count:           6,000 counts
                 gc.time:            2,000 ms
                 p0.00:              360,960 us/op
                 p0.50:              410,624 us/op
                 p0.90:              428,032 us/op
                 p0.95:              434,688 us/op
                 p0.99:              449,536 us/op
                 p0.999:             664,571 us/op
                 p0.9999:            688,128 us/op
                 p1.00:              688,128 us/op

Iteration   3: 413,345 ±(99.9%) 1,175 us/op
                 gc.alloc.rate:      325,694 MB/sec
                 gc.alloc.rate.norm: 141309,376 B/op
                 gc.count:           7,000 counts
                 gc.time:            1,000 ms
                 p0.00:              380,416 us/op
                 p0.50:              411,136 us/op
                 p0.90:              427,520 us/op
                 p0.95:              432,640 us/op
                 p0.99:              447,780 us/op
                 p0.999:             685,173 us/op
                 p0.9999:            704,512 us/op
                 p1.00:              704,512 us/op

Iteration   4: 411,924 ±(99.9%) 1,250 us/op
                 gc.alloc.rate:      326,812 MB/sec
                 gc.alloc.rate.norm: 141309,646 B/op
                 gc.count:           7,000 counts
                 gc.time:            2,000 ms
                 p0.00:              375,808 us/op
                 p0.50:              410,112 us/op
                 p0.90:              426,496 us/op
                 p0.95:              434,406 us/op
                 p0.99:              450,811 us/op
                 p0.999:             681,662 us/op
                 p0.9999:            724,992 us/op
                 p1.00:              724,992 us/op

Iteration   5: 413,330 ±(99.9%) 1,097 us/op
                 gc.alloc.rate:      325,705 MB/sec
                 gc.alloc.rate.norm: 141309,557 B/op
                 gc.count:           7,000 counts
                 gc.time:            1,000 ms
                 p0.00:              375,808 us/op
                 p0.50:              411,136 us/op
                 p0.90:              426,803 us/op
                 p0.95:              434,074 us/op
                 p0.99:              448,901 us/op
                 p0.999:             658,743 us/op
                 p0.9999:            675,840 us/op
                 p1.00:              675,840 us/op

Iteration   6: 413,159 ±(99.9%) 1,234 us/op
                 gc.alloc.rate:      325,841 MB/sec
                 gc.alloc.rate.norm: 141309,704 B/op
                 gc.count:           7,000 counts
                 gc.time:            2,000 ms
                 p0.00:              373,760 us/op
                 p0.50:              411,136 us/op
                 p0.90:              428,544 us/op
                 p0.95:              437,248 us/op
                 p0.99:              453,412 us/op
                 p0.999:             677,888 us/op
                 p0.9999:            698,368 us/op
                 p1.00:              698,368 us/op

Iteration   7: 413,956 ±(99.9%) 1,120 us/op
                 gc.alloc.rate:      325,221 MB/sec
                 gc.alloc.rate.norm: 141309,398 B/op
                 gc.count:           7,000 counts
                 gc.time:            1,000 ms
                 p0.00:              383,488 us/op
                 p0.50:              411,648 us/op
                 p0.90:              427,520 us/op
                 p0.95:              435,200 us/op
                 p0.99:              451,896 us/op
                 p0.999:             666,174 us/op
                 p0.9999:            698,368 us/op
                 p1.00:              698,368 us/op

Iteration   8: 412,078 ±(99.9%) 1,192 us/op
                 gc.alloc.rate:      326,324 MB/sec
                 gc.alloc.rate.norm: 141365,652 B/op
                 gc.count:           7,000 counts
                 gc.time:            2,000 ms
                 p0.00:              377,856 us/op
                 p0.50:              410,112 us/op
                 p0.90:              428,544 us/op
                 p0.95:              434,688 us/op
                 p0.99:              451,584 us/op
                 p0.999:             686,805 us/op
                 p0.9999:            694,272 us/op
                 p1.00:              694,272 us/op



Result "no.beint.vev.benchmark.VevBenchmark.findMultiple256":
  N = 58495
  mean =    412,639 ±(99.9%) 0,236 us/op

  Histogram, us/op:
    [300,000, 350,000) = 0 
    [350,000, 400,000) = 7046 
    [400,000, 450,000) = 50793 
    [450,000, 500,000) = 506 
    [500,000, 550,000) = 7 
    [550,000, 600,000) = 13 
    [600,000, 650,000) = 21 
    [650,000, 700,000) = 90 
    [700,000, 750,000) = 19 

  Percentiles, us/op:
      p(0,0000) =    355,328 us/op
     p(50,0000) =    410,624 us/op
     p(90,0000) =    427,008 us/op
     p(95,0000) =    434,176 us/op
     p(99,0000) =    451,072 us/op
     p(99,9000) =    675,840 us/op
     p(99,9900) =    721,050 us/op
     p(99,9990) =    733,184 us/op
     p(99,9999) =    733,184 us/op
    p(100,0000) =    733,184 us/op

Secondary result "no.beint.vev.benchmark.VevBenchmark.findMultiple256:gc.alloc.rate":
  326,159 ±(99.9%) 0,544 MB/sec [Average]
  (min, avg, max) = (324,778, 326,159, 327,547), stdev = 0,707
  CI (99.9%): [325,615, 326,703] (assumes normal distribution)

Secondary result "no.beint.vev.benchmark.VevBenchmark.findMultiple256:gc.alloc.rate.norm":
  141295,986 ±(99.9%) 19,795 B/op [Average]
  (min, avg, max) = (141277,358, 141295,986, 141365,652), stdev = 25,739
  CI (99.9%): [141276,191, 141315,781] (assumes normal distribution)

Secondary result "no.beint.vev.benchmark.VevBenchmark.findMultiple256:gc.count":
  143,000 ±(99.9%) 0,001 counts [Sum]
  (min, avg, max) = (5,000, 5,958, 7,000), stdev = 0,806
  CI (99.9%): [143,000, 143,000] (assumes normal distribution)

Secondary result "no.beint.vev.benchmark.VevBenchmark.findMultiple256:gc.time":
  33,000 ±(99.9%) 0,001 ms [Sum]
  (min, avg, max) = (1,000, 1,375, 2,000), stdev = 0,495
  CI (99.9%): [33,000, 33,000] (assumes normal distribution)


# JMH version: 1.37
# VM version: JDK 27, OpenJDK 64-Bit Server VM, 27+35-2325
# VM invoker: <JDK_HOME>/bin/java
# VM options: <none>
# Blackhole mode: compiler (auto-detected, use -Djmh.blackhole.autoDetect=false to disable)
# Warmup: 5 iterations, 1 s each
# Measurement: 8 iterations, 1 s each
# Timeout: 10 min per iteration
# Threads: 1 thread, will synchronize iterations
# Benchmark mode: Sampling time
# Benchmark: no.beint.vev.benchmark.VevBenchmark.findOne

# Run progress: 50,00% complete, ETA 00:00:40
# Fork: 1 of 3
WARNING: A terminally deprecated method in sun.misc.Unsafe has been called
WARNING: sun.misc.Unsafe::objectFieldOffset has been called by org.openjdk.jmh.util.Utils (file:<CAMPAIGN>/after/vev-benchmark-vev/lib/jmh-core-1.37.jar)
WARNING: Please consider reporting this to the maintainers of class org.openjdk.jmh.util.Utils
WARNING: sun.misc.Unsafe::objectFieldOffset will be removed in a future release
# Warmup Iteration   1: 196,785 ±(99.9%) 2,965 us/op
# Warmup Iteration   2: 180,169 ±(99.9%) 1,966 us/op
# Warmup Iteration   3: 179,851 ±(99.9%) 1,485 us/op
# Warmup Iteration   4: 179,353 ±(99.9%) 1,070 us/op
# Warmup Iteration   5: 179,617 ±(99.9%) 1,032 us/op
Iteration   1: 179,112 ±(99.9%) 1,307 us/op
                 gc.alloc.rate:      53,351 MB/sec
                 gc.alloc.rate.norm: 10033,184 B/op
                 gc.count:           3,000 counts
                 gc.time:            3,000 ms
                 p0.00:              151,040 us/op
                 p0.50:              177,408 us/op
                 p0.90:              192,000 us/op
                 p0.95:              196,608 us/op
                 p0.99:              206,848 us/op
                 p0.999:             232,175 us/op
                 p0.9999:            1443,840 us/op
                 p1.00:              1443,840 us/op

Iteration   2: 179,723 ±(99.9%) 0,836 us/op
                 gc.alloc.rate:      53,370 MB/sec
                 gc.alloc.rate.norm: 10069,597 B/op
                 gc.count:           2,000 counts
                 gc.time:            2,000 ms
                 p0.00:              151,808 us/op
                 p0.50:              178,176 us/op
                 p0.90:              192,512 us/op
                 p0.95:              197,632 us/op
                 p0.99:              207,872 us/op
                 p0.999:             222,227 us/op
                 p0.9999:            1230,848 us/op
                 p1.00:              1230,848 us/op

Iteration   3: 178,739 ±(99.9%) 0,552 us/op
                 gc.alloc.rate:      53,662 MB/sec
                 gc.alloc.rate.norm: 10069,610 B/op
                 gc.count:           2,000 counts
                 gc.time:            1,000 ms
                 p0.00:              152,064 us/op
                 p0.50:              177,664 us/op
                 p0.90:              192,000 us/op
                 p0.95:              197,197 us/op
                 p0.99:              207,887 us/op
                 p0.999:             257,299 us/op
                 p0.9999:            558,080 us/op
                 p1.00:              558,080 us/op

Iteration   4: 179,042 ±(99.9%) 0,506 us/op
                 gc.alloc.rate:      53,553 MB/sec
                 gc.alloc.rate.norm: 10065,964 B/op
                 gc.count:           2,000 counts
                 gc.time:            ≈ 0 ms
                 p0.00:              150,272 us/op
                 p0.50:              177,664 us/op
                 p0.90:              191,744 us/op
                 p0.95:              197,632 us/op
                 p0.99:              207,872 us/op
                 p0.999:             226,300 us/op
                 p0.9999:            484,352 us/op
                 p1.00:              484,352 us/op

Iteration   5: 179,074 ±(99.9%) 0,615 us/op
                 gc.alloc.rate:      53,530 MB/sec
                 gc.alloc.rate.norm: 10064,644 B/op
                 gc.count:           3,000 counts
                 gc.time:            1,000 ms
                 p0.00:              147,968 us/op
                 p0.50:              177,664 us/op
                 p0.90:              193,024 us/op
                 p0.95:              198,912 us/op
                 p0.99:              209,946 us/op
                 p0.999:             268,129 us/op
                 p0.9999:            559,104 us/op
                 p1.00:              559,104 us/op

Iteration   6: 180,112 ±(99.9%) 0,487 us/op
                 gc.alloc.rate:      53,239 MB/sec
                 gc.alloc.rate.norm: 10065,849 B/op
                 gc.count:           2,000 counts
                 gc.time:            ≈ 0 ms
                 p0.00:              157,440 us/op
                 p0.50:              178,432 us/op
                 p0.90:              192,256 us/op
                 p0.95:              197,376 us/op
                 p0.99:              207,872 us/op
                 p0.999:             227,942 us/op
                 p0.9999:            482,816 us/op
                 p1.00:              482,816 us/op

Iteration   7: 179,027 ±(99.9%) 0,502 us/op
                 gc.alloc.rate:      53,562 MB/sec
                 gc.alloc.rate.norm: 10065,828 B/op
                 gc.count:           2,000 counts
                 gc.time:            1,000 ms
                 p0.00:              150,528 us/op
                 p0.50:              177,920 us/op
                 p0.90:              192,000 us/op
                 p0.95:              196,864 us/op
                 p0.99:              205,983 us/op
                 p0.999:             222,230 us/op
                 p0.9999:            482,304 us/op
                 p1.00:              482,304 us/op

Iteration   8: 180,109 ±(99.9%) 0,490 us/op
                 gc.alloc.rate:      53,297 MB/sec
                 gc.alloc.rate.norm: 10090,255 B/op
                 gc.count:           2,000 counts
                 gc.time:            1,000 ms
                 p0.00:              155,904 us/op
                 p0.50:              178,688 us/op
                 p0.90:              192,768 us/op
                 p0.95:              197,376 us/op
                 p0.99:              208,384 us/op
                 p0.999:             225,618 us/op
                 p0.9999:            500,736 us/op
                 p1.00:              500,736 us/op


# Run progress: 66,67% complete, ETA 00:00:26
# Fork: 2 of 3
WARNING: A terminally deprecated method in sun.misc.Unsafe has been called
WARNING: sun.misc.Unsafe::objectFieldOffset has been called by org.openjdk.jmh.util.Utils (file:<CAMPAIGN>/after/vev-benchmark-vev/lib/jmh-core-1.37.jar)
WARNING: Please consider reporting this to the maintainers of class org.openjdk.jmh.util.Utils
WARNING: sun.misc.Unsafe::objectFieldOffset will be removed in a future release
# Warmup Iteration   1: 198,392 ±(99.9%) 3,334 us/op
# Warmup Iteration   2: 179,584 ±(99.9%) 2,162 us/op
# Warmup Iteration   3: 179,507 ±(99.9%) 1,693 us/op
# Warmup Iteration   4: 180,264 ±(99.9%) 1,393 us/op
# Warmup Iteration   5: 178,546 ±(99.9%) 0,802 us/op
Iteration   1: 178,749 ±(99.9%) 0,524 us/op
                 gc.alloc.rate:      53,507 MB/sec
                 gc.alloc.rate.norm: 10041,932 B/op
                 gc.count:           3,000 counts
                 gc.time:            1,000 ms
                 p0.00:              151,040 us/op
                 p0.50:              177,152 us/op
                 p0.90:              191,232 us/op
                 p0.95:              196,352 us/op
                 p0.99:              206,868 us/op
                 p0.999:             232,217 us/op
                 p0.9999:            503,296 us/op
                 p1.00:              503,296 us/op

Iteration   2: 178,802 ±(99.9%) 0,576 us/op
                 gc.alloc.rate:      53,497 MB/sec
                 gc.alloc.rate.norm: 10041,906 B/op
                 gc.count:           4,000 counts
                 gc.time:            1,000 ms
                 p0.00:              147,456 us/op
                 p0.50:              177,408 us/op
                 p0.90:              191,770 us/op
                 p0.95:              196,621 us/op
                 p0.99:              207,772 us/op
                 p0.999:             241,350 us/op
                 p0.9999:            520,704 us/op
                 p1.00:              520,704 us/op

Iteration   3: 179,071 ±(99.9%) 0,491 us/op
                 gc.alloc.rate:      53,416 MB/sec
                 gc.alloc.rate.norm: 10041,718 B/op
                 gc.count:           3,000 counts
                 gc.time:            ≈ 0 ms
                 p0.00:              153,344 us/op
                 p0.50:              177,408 us/op
                 p0.90:              191,744 us/op
                 p0.95:              196,352 us/op
                 p0.99:              205,476 us/op
                 p0.999:             217,950 us/op
                 p0.9999:            463,872 us/op
                 p1.00:              463,872 us/op

Iteration   4: 177,491 ±(99.9%) 0,556 us/op
                 gc.alloc.rate:      53,893 MB/sec
                 gc.alloc.rate.norm: 10041,877 B/op
                 gc.count:           3,000 counts
                 gc.time:            1,000 ms
                 p0.00:              151,808 us/op
                 p0.50:              176,384 us/op
                 p0.90:              190,976 us/op
                 p0.95:              196,352 us/op
                 p0.99:              207,969 us/op
                 p0.999:             233,303 us/op
                 p0.9999:            501,760 us/op
                 p1.00:              501,760 us/op

Iteration   5: 178,435 ±(99.9%) 0,542 us/op
                 gc.alloc.rate:      53,603 MB/sec
                 gc.alloc.rate.norm: 10041,930 B/op
                 gc.count:           4,000 counts
                 gc.time:            1,000 ms
                 p0.00:              144,640 us/op
                 p0.50:              176,896 us/op
                 p0.90:              191,104 us/op
                 p0.95:              195,840 us/op
                 p0.99:              205,568 us/op
                 p0.999:             288,128 us/op
                 p0.9999:            468,480 us/op
                 p1.00:              468,480 us/op

Iteration   6: 178,216 ±(99.9%) 0,539 us/op
                 gc.alloc.rate:      53,677 MB/sec
                 gc.alloc.rate.norm: 10041,925 B/op
                 gc.count:           3,000 counts
                 gc.time:            1,000 ms
                 p0.00:              150,016 us/op
                 p0.50:              176,896 us/op
                 p0.90:              191,232 us/op
                 p0.95:              196,096 us/op
                 p0.99:              207,872 us/op
                 p0.999:             240,092 us/op
                 p0.9999:            512,000 us/op
                 p1.00:              512,000 us/op

Iteration   7: 179,020 ±(99.9%) 0,513 us/op
                 gc.alloc.rate:      53,436 MB/sec
                 gc.alloc.rate.norm: 10041,772 B/op
                 gc.count:           4,000 counts
                 gc.time:            1,000 ms
                 p0.00:              151,040 us/op
                 p0.50:              177,664 us/op
                 p0.90:              190,976 us/op
                 p0.95:              195,584 us/op
                 p0.99:              206,848 us/op
                 p0.999:             230,226 us/op
                 p0.9999:            445,952 us/op
                 p1.00:              445,952 us/op

Iteration   8: 178,077 ±(99.9%) 0,531 us/op
                 gc.alloc.rate:      53,767 MB/sec
                 gc.alloc.rate.norm: 10065,855 B/op
                 gc.count:           3,000 counts
                 gc.time:            1,000 ms
                 p0.00:              149,504 us/op
                 p0.50:              176,896 us/op
                 p0.90:              191,232 us/op
                 p0.95:              195,840 us/op
                 p0.99:              206,336 us/op
                 p0.999:             227,653 us/op
                 p0.9999:            472,576 us/op
                 p1.00:              472,576 us/op


# Run progress: 83,33% complete, ETA 00:00:13
# Fork: 3 of 3
WARNING: A terminally deprecated method in sun.misc.Unsafe has been called
WARNING: sun.misc.Unsafe::objectFieldOffset has been called by org.openjdk.jmh.util.Utils (file:<CAMPAIGN>/after/vev-benchmark-vev/lib/jmh-core-1.37.jar)
WARNING: Please consider reporting this to the maintainers of class org.openjdk.jmh.util.Utils
WARNING: sun.misc.Unsafe::objectFieldOffset will be removed in a future release
# Warmup Iteration   1: 197,156 ±(99.9%) 2,929 us/op
# Warmup Iteration   2: 178,974 ±(99.9%) 2,067 us/op
# Warmup Iteration   3: 181,061 ±(99.9%) 1,550 us/op
# Warmup Iteration   4: 178,925 ±(99.9%) 1,060 us/op
# Warmup Iteration   5: 179,375 ±(99.9%) 1,026 us/op
Iteration   1: 178,965 ±(99.9%) 1,277 us/op
                 gc.alloc.rate:      53,303 MB/sec
                 gc.alloc.rate.norm: 10016,406 B/op
                 gc.count:           3,000 counts
                 gc.time:            4,000 ms
                 p0.00:              147,712 us/op
                 p0.50:              177,408 us/op
                 p0.90:              191,488 us/op
                 p0.95:              196,672 us/op
                 p0.99:              208,307 us/op
                 p0.999:             232,173 us/op
                 p0.9999:            1382,400 us/op
                 p1.00:              1382,400 us/op

Iteration   2: 179,345 ±(99.9%) 0,728 us/op
                 gc.alloc.rate:      53,184 MB/sec
                 gc.alloc.rate.norm: 10013,431 B/op
                 gc.count:           2,000 counts
                 gc.time:            1,000 ms
                 p0.00:              150,528 us/op
                 p0.50:              177,664 us/op
                 p0.90:              190,720 us/op
                 p0.95:              196,352 us/op
                 p0.99:              206,776 us/op
                 p0.999:             221,743 us/op
                 p0.9999:            1075,200 us/op
                 p1.00:              1075,200 us/op

Iteration   3: 178,328 ±(99.9%) 0,537 us/op
                 gc.alloc.rate:      53,469 MB/sec
                 gc.alloc.rate.norm: 10009,930 B/op
                 gc.count:           2,000 counts
                 gc.time:            1,000 ms
                 p0.00:              145,664 us/op
                 p0.50:              177,152 us/op
                 p0.90:              191,488 us/op
                 p0.95:              196,608 us/op
                 p0.99:              208,287 us/op
                 p0.999:             225,231 us/op
                 p0.9999:            535,552 us/op
                 p1.00:              535,552 us/op

Iteration   4: 178,475 ±(99.9%) 0,495 us/op
                 gc.alloc.rate:      53,425 MB/sec
                 gc.alloc.rate.norm: 10009,899 B/op
                 gc.count:           2,000 counts
                 gc.time:            ≈ 0 ms
                 p0.00:              150,784 us/op
                 p0.50:              177,152 us/op
                 p0.90:              190,976 us/op
                 p0.95:              195,840 us/op
                 p0.99:              207,616 us/op
                 p0.999:             231,612 us/op
                 p0.9999:            488,448 us/op
                 p1.00:              488,448 us/op

Iteration   5: 177,754 ±(99.9%) 0,561 us/op
                 gc.alloc.rate:      53,638 MB/sec
                 gc.alloc.rate.norm: 10010,006 B/op
                 gc.count:           3,000 counts
                 gc.time:            1,000 ms
                 p0.00:              145,408 us/op
                 p0.50:              176,384 us/op
                 p0.90:              190,976 us/op
                 p0.95:              196,096 us/op
                 p0.99:              207,555 us/op
                 p0.999:             232,774 us/op
                 p0.9999:            501,760 us/op
                 p1.00:              501,760 us/op

Iteration   6: 179,313 ±(99.9%) 0,506 us/op
                 gc.alloc.rate:      53,180 MB/sec
                 gc.alloc.rate.norm: 10009,969 B/op
                 gc.count:           2,000 counts
                 gc.time:            1,000 ms
                 p0.00:              145,408 us/op
                 p0.50:              177,664 us/op
                 p0.90:              192,000 us/op
                 p0.95:              197,376 us/op
                 p0.99:              209,408 us/op
                 p0.999:             237,597 us/op
                 p0.9999:            483,840 us/op
                 p1.00:              483,840 us/op

Iteration   7: 178,236 ±(99.9%) 0,500 us/op
                 gc.alloc.rate:      53,498 MB/sec
                 gc.alloc.rate.norm: 10009,850 B/op
                 gc.count:           2,000 counts
                 gc.time:            ≈ 0 ms
                 p0.00:              149,760 us/op
                 p0.50:              177,152 us/op
                 p0.90:              190,720 us/op
                 p0.95:              195,584 us/op
                 p0.99:              204,800 us/op
                 p0.999:             223,164 us/op
                 p0.9999:            507,904 us/op
                 p1.00:              507,904 us/op

Iteration   8: 179,526 ±(99.9%) 0,499 us/op
                 gc.alloc.rate:      53,182 MB/sec
                 gc.alloc.rate.norm: 10034,265 B/op
                 gc.count:           2,000 counts
                 gc.time:            1,000 ms
                 p0.00:              152,576 us/op
                 p0.50:              177,920 us/op
                 p0.90:              192,000 us/op
                 p0.95:              197,120 us/op
                 p0.99:              208,333 us/op
                 p0.999:             231,334 us/op
                 p0.9999:            500,736 us/op
                 p1.00:              500,736 us/op



Result "no.beint.vev.benchmark.VevBenchmark.findOne":
  N = 134898
  mean =    178,863 ±(99.9%) 0,133 us/op

  Histogram, us/op:
    [   0,000,  125,000) = 0 
    [ 125,000,  250,000) = 134816 
    [ 250,000,  375,000) = 18 
    [ 375,000,  500,000) = 41 
    [ 500,000,  625,000) = 13 
    [ 625,000,  750,000) = 1 
    [ 750,000,  875,000) = 1 
    [ 875,000, 1000,000) = 0 
    [1000,000, 1125,000) = 1 
    [1125,000, 1250,000) = 1 
    [1250,000, 1375,000) = 2 
    [1375,000, 1500,000) = 4 
    [1500,000, 1625,000) = 0 
    [1625,000, 1750,000) = 0 
    [1750,000, 1875,000) = 0 

  Percentiles, us/op:
      p(0,0000) =    144,640 us/op
     p(50,0000) =    177,408 us/op
     p(90,0000) =    191,744 us/op
     p(95,0000) =    196,608 us/op
     p(99,0000) =    207,360 us/op
     p(99,9000) =    228,890 us/op
     p(99,9900) =    533,545 us/op
     p(99,9990) =   1428,116 us/op
     p(99,9999) =   1443,840 us/op
    p(100,0000) =   1443,840 us/op

Secondary result "no.beint.vev.benchmark.VevBenchmark.findOne:gc.alloc.rate":
  53,468 ±(99.9%) 0,144 MB/sec [Average]
  (min, avg, max) = (53,180, 53,468, 53,893), stdev = 0,187
  CI (99.9%): [53,324, 53,612] (assumes normal distribution)

Secondary result "no.beint.vev.benchmark.VevBenchmark.findOne:gc.alloc.rate.norm":
  10041,567 ±(99.9%) 18,557 B/op [Average]
  (min, avg, max) = (10009,850, 10041,567, 10090,255), stdev = 24,130
  CI (99.9%): [10023,009, 10060,124] (assumes normal distribution)

Secondary result "no.beint.vev.benchmark.VevBenchmark.findOne:gc.count":
  63,000 ±(99.9%) 0,001 counts [Sum]
  (min, avg, max) = (2,000, 2,625, 4,000), stdev = 0,711
  CI (99.9%): [63,000, 63,000] (assumes normal distribution)

Secondary result "no.beint.vev.benchmark.VevBenchmark.findOne:gc.time":
  25,000 ±(99.9%) 0,001 ms [Sum]
  (min, avg, max) = (≈ 0, 1,042, 4,000), stdev = 0,908
  CI (99.9%): [25,000, 25,000] (assumes normal distribution)


# Run complete. Total time: 00:01:20

REMEMBER: The numbers below are just data. To gain reusable insights, you need to follow up on
why the numbers are the way they are. Use profilers (see -prof, -lprof), design factorial
experiments, perform baseline and negative tests that provide experimental control, make sure
the benchmarking environment is safe on JVM/OS/HW level, ask for reviews from the domain experts.
Do not assume the numbers tell you what you want them to tell.

NOTE: Current JVM experimentally supports Compiler Blackholes, and they are in use. Please exercise
extra caution when trusting the results, look into the generated code to check the benchmark still
works, and factor in a small probability of new VM bugs. Additionally, while comparisons between
different JVMs are already problematic, the performance difference caused by different Blackhole
modes can be very significant. Please make sure you use the consistent Blackhole mode for comparisons.

Benchmark                                          Mode     Cnt       Score    Error   Units
VevBenchmark.findMultiple256                     sample   58495     412,639 ±  0,236   us/op
VevBenchmark.findMultiple256:gc.alloc.rate       sample      24     326,159 ±  0,544  MB/sec
VevBenchmark.findMultiple256:gc.alloc.rate.norm  sample      24  141295,986 ± 19,795    B/op
VevBenchmark.findMultiple256:gc.count            sample      24     143,000           counts
VevBenchmark.findMultiple256:gc.time             sample      24      33,000               ms
VevBenchmark.findMultiple256:p0.00               sample             355,328            us/op
VevBenchmark.findMultiple256:p0.50               sample             410,624            us/op
VevBenchmark.findMultiple256:p0.90               sample             427,008            us/op
VevBenchmark.findMultiple256:p0.95               sample             434,176            us/op
VevBenchmark.findMultiple256:p0.99               sample             451,072            us/op
VevBenchmark.findMultiple256:p0.999              sample             675,840            us/op
VevBenchmark.findMultiple256:p0.9999             sample             721,050            us/op
VevBenchmark.findMultiple256:p1.00               sample             733,184            us/op
VevBenchmark.findOne                             sample  134898     178,863 ±  0,133   us/op
VevBenchmark.findOne:gc.alloc.rate               sample      24      53,468 ±  0,144  MB/sec
VevBenchmark.findOne:gc.alloc.rate.norm          sample      24   10041,567 ± 18,557    B/op
VevBenchmark.findOne:gc.count                    sample      24      63,000           counts
VevBenchmark.findOne:gc.time                     sample      24      25,000               ms
VevBenchmark.findOne:p0.00                       sample             144,640            us/op
VevBenchmark.findOne:p0.50                       sample             177,408            us/op
VevBenchmark.findOne:p0.90                       sample             191,744            us/op
VevBenchmark.findOne:p0.95                       sample             196,608            us/op
VevBenchmark.findOne:p0.99                       sample             207,360            us/op
VevBenchmark.findOne:p0.999                      sample             228,890            us/op
VevBenchmark.findOne:p0.9999                     sample             533,545            us/op
VevBenchmark.findOne:p1.00                       sample            1443,840            us/op

Benchmark result is saved to <CAMPAIGN>/b1-after.json
